// Jest Snapshot v1, https://goo.gl/fbAQLP

exports[`MoviePoster Component matches snapshot 1`] = `
<div
  className="col-12 col-md-4"
  data-testid="movie-poster"
>
  <div
    className="col-12"
  >
    <img
      alt="..."
      className="h-25 w-100"
      src="/no-image.png"
    />
  </div>
</div>
`;
