// Jest Snapshot v1, https://goo.gl/fbAQLP

exports[`Header Component matches snapshot 1`] = `
<header
  className="row bg-header p-3 text-light font-weight-bolder"
>
  <a
    className="text-white"
    data-testid="header-link"
    href="/"
    onClick={[Function]}
  >
     Movie Tracker
  </a>
</header>
`;
